// 重构日志: 2ff1faf6
// 重构日志: f940a316
// 重构日志: ce0d1072
// 重构日志: 9eb86708
// 重构日志: 398e20ba
// 同步 ID: 7798c008 @ Mon Jul 27 17:27:42 UTC 2026
// 同步 ID: 5e65b9d6 @ Mon Jul 27 19:39:23 UTC 2026
// 重构日志: 7e859fb3
// 同步 ID: ca1c36de @ Tue Jul 28 11:54:50 UTC 2026
// 重构日志: 92fda603
// 重构日志: 61f77755
// 同步 ID: 5ca02dff @ Wed Jul 29 17:42:22 UTC 2026
// 同步 ID: 1ad27512 @ Fri Jul 31 01:38:35 UTC 2026
// 重构日志: 2b3ad727
// 重构日志: 2e801979
// 重构日志: deda9438
// 同步 ID: 6cbbfdd9 @ Sun Aug  2 18:32:53 UTC 2026
// 重构日志: 36add2ec
// 重构日志: 348442ac
// 重构日志: 31aaed66
// 同步 ID: c919eb39 @ Wed Aug  5 16:46:59 UTC 2026
// 同步 ID: ad7048f3 @ Thu Aug  6 08:55:10 UTC 2026
// 重构日志: 72fc613f
// 重构日志: 87c7ed05
// 重构日志: 6d5ff38a
// 重构日志: a0c67b9f
// 重构日志: 60658ca8
// 重构日志: 9d501a92
// 同步 ID: c50487be @ Sat Aug  8 03:04:51 UTC 2026
// 同步 ID: 480e7ee4 @ Sat Aug  8 04:20:23 UTC 2026
